
<html> <body>
  <h1> Hello, world! </h1>
    <script  language="Javascript"  >
    alert
        ('hello, world!'
        );
    </script>



        <script
        language="Javascript"
        src="js/prototype.js">
        </script>
  </body>  </html>