<html>
  <body>
    <h1>Hello, world!</h1>
    <p>
      Here is some text. The tags that are in it should stay in one<!-- inline -->line.
      there is also wordwrap, and double spacing.
      <!-- a comment -->
      <a href="#">a link</a>, <b>some bold</b>, <i>some italics</i>.
      <!-- a comment that includes html.
      they can <b><i><a href="#">join together</a></i></b>. -->
      <!--
      a

      huge
      comment
      -->
      <!-- a comment with <!-- another comment -->
    </p>
  </body>
</html>