<!-- based on issue 13 -->
<h1><a href="1"> 1 <b> 2 </b> <i> 3 </i> <a href="4"> 4 </a> <b> 5 </b> </a></h1>
