<html><body>  <script language="Javascript">
  alert
    ("a");
  alert ( "a\"" ) ;
  alert ( "a \\" ) ;
  alert ( "a \\\" ); echo (" ) ;

      alert('a');
      alert('a\'');

        alert('a \\');

        alert('a \\\' ); echo (') ;    </script>
  </body>
</html>