<html>
  <body>
    <h1>Hello, world!</h1>
    <a href="#" title="  a tasty  string that is really long    and should trigger word wrap otherwise  "
    anotherTitle='another type of string that is also rather long, and should also trigger wordwrap '>a
    target</a>
  </body>
</html>