<html>
  <body>
    <h1>Hello, world!</h1>
    <script>
      <![CDATA[
      alert('hello, world!');
      ]]>
    </script>
  </body>
</html>