<html><body><script language="Javascript">var f=new function(a){alert(a);};f(42);</script></body></html>