<html>
<body>
<h1>Hello, world!</h1>
<script>alert('hello, world!');</script>
</body>
</html>