<html><body>
<h1>Hello, world!</h1><a href="#" title="  a tasty  string  "> a target </a>
</body></html>