
<html> <body>
  <h1> Hello, world! </h1>
  <p>
  	Here is some textx.
  	The tags that are in it should stay in one line. there is also wordwrap,
  	 and  double  spacing.
  	<a href="#">a link</a>, <b>some bold</b>, <i>some italics</i>.
  	they can <b><i><a href="#">join together</a></i></b>.
    </p>
  </body>  </html>